Flow report for final_frogger
Sun Apr 03 14:57:56 2016
Quartus II 64-Bit Version 15.0.0 Build 145 04/22/2015 SJ Web Edition


---------------------
; Table of Contents ;
---------------------
  1. Legal Notice
  2. Flow Summary
  3. Flow Settings
  4. Flow Non-Default Global Settings
  5. Flow Elapsed Time
  6. Flow OS Summary
  7. Flow Log
  8. Flow Messages
  9. Flow Suppressed Messages



----------------
; Legal Notice ;
----------------
Copyright (C) 1991-2015 Altera Corporation. All rights reserved.
Your use of Altera Corporation's design tools, logic functions 
and other software and tools, and its AMPP partner logic 
functions, and any output files from any of the foregoing 
(including device programming or simulation files), and any 
associated documentation or information are expressly subject 
to the terms and conditions of the Altera Program License 
Subscription Agreement, the Altera Quartus II License Agreement,
the Altera MegaCore Function License Agreement, or other 
applicable license agreement, including, without limitation, 
that your use is for the sole purpose of programming logic 
devices manufactured by Altera and sold by Altera or its 
authorized distributors.  Please refer to the applicable 
agreement for further details.



+---------------------------------------------------------------------------------+
; Flow Summary                                                                    ;
+------------------------------------+--------------------------------------------+
; Flow Status                        ; Successful - Sun Apr 03 14:57:40 2016      ;
; Quartus II 64-Bit Version          ; 15.0.0 Build 145 04/22/2015 SJ Web Edition ;
; Revision Name                      ; final_frogger                              ;
; Top-level Entity Name              ; final_top                                  ;
; Family                             ; Cyclone IV E                               ;
; Device                             ; EP4CE115F29C7                              ;
; Timing Models                      ; Final                                      ;
; Total logic elements               ; 3,315 / 114,480 ( 3 % )                    ;
;     Total combinational functions  ; 2,658 / 114,480 ( 2 % )                    ;
;     Dedicated logic registers      ; 2,127 / 114,480 ( 2 % )                    ;
; Total registers                    ; 2246                                       ;
; Total pins                         ; 137 / 529 ( 26 % )                         ;
; Total virtual pins                 ; 0                                          ;
; Total memory bits                  ; 44,032 / 3,981,312 ( 1 % )                 ;
; Embedded Multiplier 9-bit elements ; 4 / 532 ( < 1 % )                          ;
; Total PLLs                         ; 1 / 4 ( 25 % )                             ;
+------------------------------------+--------------------------------------------+


+-----------------------------------------+
; Flow Settings                           ;
+-------------------+---------------------+
; Option            ; Setting             ;
+-------------------+---------------------+
; Start date & time ; 04/03/2016 14:54:46 ;
; Main task         ; Compilation         ;
; Revision Name     ; final_frogger       ;
+-------------------+---------------------+


+----------------------------------------------------------------------------------------------------------------------------------------------------+
; Flow Non-Default Global Settings                                                                                                                   ;
+-------------------------------------+---------------------------------------------------------------+---------------+-----------------+------------+
; Assignment Name                     ; Value                                                         ; Default Value ; Entity Name     ; Section Id ;
+-------------------------------------+---------------------------------------------------------------+---------------+-----------------+------------+
; COMPILER_SIGNATURE_ID               ; 8796754870767.145971328601372                                 ; --            ; --              ; --         ;
; FLOW_ENABLE_POWER_ANALYZER          ; On                                                            ; Off           ; --              ; --         ;
; MAX_CORE_JUNCTION_TEMP              ; 85                                                            ; --            ; --              ; --         ;
; MIN_CORE_JUNCTION_TEMP              ; 0                                                             ; --            ; --              ; --         ;
; MISC_FILE                           ; nios_system/synthesis/../nios_system.cmp                      ; --            ; --              ; --         ;
; MISC_FILE                           ; nios_system/synthesis/../nios_system.qsys                     ; --            ; --              ; --         ;
; PARTITION_COLOR                     ; 16764057                                                      ; --            ; DE2_115_Default ; Top        ;
; PARTITION_COLOR                     ; 16764057                                                      ; --            ; final_top       ; Top        ;
; PARTITION_FITTER_PRESERVATION_LEVEL ; PLACEMENT_AND_ROUTING                                         ; --            ; DE2_115_Default ; Top        ;
; PARTITION_FITTER_PRESERVATION_LEVEL ; PLACEMENT_AND_ROUTING                                         ; --            ; final_top       ; Top        ;
; PARTITION_NETLIST_TYPE              ; SOURCE                                                        ; --            ; DE2_115_Default ; Top        ;
; PARTITION_NETLIST_TYPE              ; SOURCE                                                        ; --            ; final_top       ; Top        ;
; POWER_BOARD_THERMAL_MODEL           ; None (CONSERVATIVE)                                           ; --            ; --              ; --         ;
; POWER_DEFAULT_INPUT_IO_TOGGLE_RATE  ; 12.5 %                                                        ; 12.5%         ; --              ; --         ;
; POWER_PRESET_COOLING_SOLUTION       ; 23 MM HEAT SINK WITH 200 LFPM AIRFLOW                         ; --            ; --              ; --         ;
; SLD_FILE                            ; nios_system/synthesis/nios_system.regmap                      ; --            ; --              ; --         ;
; SLD_FILE                            ; nios_system/synthesis/nios_system.debuginfo                   ; --            ; --              ; --         ;
; SLD_INFO                            ; QSYS_NAME nios_system HAS_SOPCINFO 1 GENERATION_ID 1459711255 ; --            ; nios_system     ; --         ;
; SOPCINFO_FILE                       ; nios_system/synthesis/../nios_system.sopcinfo                 ; --            ; --              ; --         ;
; SYNTHESIS_ONLY_QIP                  ; On                                                            ; --            ; --              ; --         ;
; TOP_LEVEL_ENTITY                    ; final_top                                                     ; final_frogger ; --              ; --         ;
+-------------------------------------+---------------------------------------------------------------+---------------+-----------------+------------+


+-------------------------------------------------------------------------------------------------------------------------------+
; Flow Elapsed Time                                                                                                             ;
+---------------------------+--------------+-------------------------+---------------------+------------------------------------+
; Module Name               ; Elapsed Time ; Average Processors Used ; Peak Virtual Memory ; Total CPU Time (on all processors) ;
+---------------------------+--------------+-------------------------+---------------------+------------------------------------+
; Analysis & Synthesis      ; 00:01:18     ; 1.0                     ; 854 MB              ; 00:01:30                           ;
; Fitter                    ; 00:00:47     ; 1.0                     ; 1200 MB             ; 00:00:42                           ;
; Assembler                 ; 00:00:11     ; 1.0                     ; 633 MB              ; 00:00:09                           ;
; PowerPlay Power Analyzer  ; 00:00:22     ; 1.0                     ; 779 MB              ; 00:00:20                           ;
; TimeQuest Timing Analyzer ; 00:00:10     ; 1.0                     ; 787 MB              ; 00:00:08                           ;
; Total                     ; 00:02:48     ; --                      ; --                  ; 00:02:49                           ;
+---------------------------+--------------+-------------------------+---------------------+------------------------------------+


+----------------------------------------------------------------------------------------+
; Flow OS Summary                                                                        ;
+---------------------------+------------------+-----------+------------+----------------+
; Module Name               ; Machine Hostname ; OS Name   ; OS Version ; Processor type ;
+---------------------------+------------------+-----------+------------+----------------+
; Analysis & Synthesis      ; Eric-Windows     ; Windows 7 ; 6.2        ; x86_64         ;
; Fitter                    ; Eric-Windows     ; Windows 7 ; 6.2        ; x86_64         ;
; Assembler                 ; Eric-Windows     ; Windows 7 ; 6.2        ; x86_64         ;
; PowerPlay Power Analyzer  ; Eric-Windows     ; Windows 7 ; 6.2        ; x86_64         ;
; TimeQuest Timing Analyzer ; Eric-Windows     ; Windows 7 ; 6.2        ; x86_64         ;
+---------------------------+------------------+-----------+------------+----------------+


------------
; Flow Log ;
------------
quartus_map --read_settings_files=on --write_settings_files=off final_frogger -c final_frogger
quartus_fit --read_settings_files=off --write_settings_files=off final_frogger -c final_frogger
quartus_asm --read_settings_files=off --write_settings_files=off final_frogger -c final_frogger
quartus_pow --read_settings_files=off --write_settings_files=off final_frogger -c final_frogger
quartus_sta final_frogger -c final_frogger



